The files belonging to this database system will be owned by user "postgres".
This user must also own the server process.

The database cluster will be initialized with locale "en_US.utf8".
The default database encoding has accordingly been set to "UTF8".
The default text search configuration will be set to "english".

Data page checksums are enabled.

fixing permissions on existing directory /var/lib/postgresql/18/docker ... ok
creating subdirectories ... ok
selecting dynamic shared memory implementation ... posix
selecting default "max_connections" ... 100
selecting default "shared_buffers" ... 128MB
selecting default time zone ... UTC
creating configuration files ... ok
running bootstrap script ... ok
sh: locale: not found
2026-08-21 12:37:52.660 UTC [38] WARNING:  no usable system locales were found
performing post-bootstrap initialization ... ok
initdb: warning: enabling "trust" authentication for local connections
initdb: hint: You can change this by editing pg_hba.conf or using the option -A, or --auth-local and --auth-host, the next time you run initdb.
syncing data to disk ... ok


Success. You can now start the database server using:

    pg_ctl -D /var/lib/postgresql/18/docker -l logfile start

waiting for server to start....2026-08-21 12:37:53.070 UTC [44] LOG:  starting PostgreSQL 18.1 on x86_64-pc-linux-musl, compiled by gcc (Alpine 15.2.0) 15.2.0, 64-bit
2026-08-21 12:37:53.074 UTC [44] LOG:  listening on Unix socket "/var/run/postgresql/.s.PGSQL.5432"
2026-08-21 12:37:53.084 UTC [50] LOG:  database system was shut down at 2026-08-21 12:37:52 UTC
2026-08-21 12:37:53.089 UTC [44] LOG:  database system is ready to accept connections
 done
server started
CREATE DATABASE


/usr/local/bin/docker-entrypoint.sh: sourcing /docker-entrypoint-initdb.d/01-keycloak-database.sh
CREATE ROLE
CREATE ROLE
CREATE ROLE
ALTER ROLE
ALTER ROLE
ALTER DATABASE
REVOKE
GRANT
CREATE ROLE
CREATE DATABASE

waiting for server to shut down....2026-08-21 12:37:53.284 UTC [44] LOG:  received fast shutdown request
2026-08-21 12:37:53.289 UTC [44] LOG:  aborting any active transactions
2026-08-21 12:37:53.291 UTC [44] LOG:  background worker "logical replication launcher" (PID 53) exited with exit code 1
2026-08-21 12:37:53.291 UTC [48] LOG:  shutting down
2026-08-21 12:37:53.296 UTC [48] LOG:  checkpoint starting: shutdown immediate
2026-08-21 12:37:53.352 UTC [48] LOG:  checkpoint complete: wrote 1895 buffers (11.6%), wrote 3 SLRU buffers; 0 WAL file(s) added, 0 removed, 0 recycled; write=0.035 s, sync=0.008 s, total=0.061 s; sync files=610, longest=0.004 s, average=0.001 s; distance=8710 kB, estimate=8710 kB; lsn=0/1FE0B98, redo lsn=0/1FE0B98
2026-08-21 12:37:53.364 UTC [44] LOG:  database system is shut down
 done
server stopped

PostgreSQL init process complete; ready for start up.

2026-08-21 12:37:53.405 UTC [1] LOG:  starting PostgreSQL 18.1 on x86_64-pc-linux-musl, compiled by gcc (Alpine 15.2.0) 15.2.0, 64-bit
2026-08-21 12:37:53.405 UTC [1] LOG:  listening on IPv4 address "0.0.0.0", port 5432
2026-08-21 12:37:53.405 UTC [1] LOG:  listening on IPv6 address "::", port 5432
2026-08-21 12:37:53.411 UTC [1] LOG:  listening on Unix socket "/var/run/postgresql/.s.PGSQL.5432"
2026-08-21 12:37:53.419 UTC [68] LOG:  database system was shut down at 2026-08-21 12:37:53 UTC
2026-08-21 12:37:53.441 UTC [1] LOG:  database system is ready to accept connections
2026-08-21 12:38:01.883 UTC [79] ERROR:  function aurora_version() does not exist at character 8
2026-08-21 12:38:01.883 UTC [79] HINT:  No function matches the given name and argument types. You might need to add explicit type casts.
2026-08-21 12:38:01.883 UTC [79] STATEMENT:  SELECT aurora_version()
2026-08-21 12:38:01.901 UTC [79] ERROR:  relation "migration_model" does not exist at character 25
2026-08-21 12:38:01.901 UTC [79] STATEMENT:  SELECT ID, VERSION FROM MIGRATION_MODEL ORDER BY UPDATE_TIME DESC
2026-08-21 12:38:02.613 UTC [87] ERROR:  relation "public.databasechangeloglock" does not exist at character 22
2026-08-21 12:38:02.613 UTC [87] STATEMENT:  SELECT COUNT(*) FROM public.databasechangeloglock
2026-08-21 12:42:53.465 UTC [66] LOG:  checkpoint starting: time
